[2m [1m[1mtest-project[m  ·  5 worktrees  ·  on root                                ● root[m [m
[2m     NAME BRANCH AGE     ± ↕    ⬡ ◆                                             [m
[2m ────────────────────────────────────────────────────────────────────────────── [m
[2m                                                                                [m
[2m 1 ❯ [1m[m  2h ago  ●                                                                [m
          ╭─────────────────────────────────────────────────────────╮
          │                                                         │
          │  [1mBulk Delete[m                                            │
          │                                                         │
          │  Select merged worktrees to delete (2/4 selected)       │
          │                                                         │
          │  ❯ [x] feature-auth (feature-auth)                      │
          │    [ ] fix-bug (fix-bug)                                │
          │    [x] testing (testing)                                │
          │    [ ] refactor (refactor)                              │
          │                                                         │
          │  [space] toggle  [enter] delete selected  [esc] cancel  │
          │                                                         │
          ╰─────────────────────────────────────────────────────────╯
[2m                                                                                [m
[2m                                                                                [m
[2m                                                                                [m
[2m                                                                                [m
[2m                                                                                [m