 [1m[1mtest-project[m  ·  5 worktrees  ·  on root                                                                        ● root[m 
                                                                        │                                               
 1 ❯ [1mroot[m                                                               │                                               
      root · dirty                                                      │                                               
 2 ○ feature-auth                                                       │                                               
      feature-a… · clean                                                │                                               
 3 ○ fix-bug                                                            │                                               
      fix-bug · clean                                                   │                                               
 4 ● testing                                                            │                                               
      testing · dirty                                                   │                                               
 5 ○ refactor                                                           │                                               
      refactor · clean                                                  │                                               
                                                                        │                                               
                                                                        │                                               
                                                                        │                                               
                                                                        │                                               
                                                                        │                                               
                                                                        │                                               
                                                                        │                                               
                                                                        │                                               
                                                                        │                                               
                                                                        │                                               
                                                                        │                                               
                                                                        │                                               
                                                                        │                                               
                                                                        │                                               
                                                                        │                                               
                                                                        │                                               
                                                                        │                                               
                                                                        │                                               
                                                                        │                                               
                                                                        │                                               
                                                                        │                                               
                                                                        │                                               
                                                                        │                                               
                                                                        │                                               
                                                                        │                                               
                                                                        │                                               
                                                                        │                                               
  [1m↑↓[m navigate ·   · [1menter[m switch ·   · [1mn[m new ·   · [1md[m delete ·   · [1mf[m fork ·   · [1ms[m sync ·   · [1mc[m config ·   · [1mo[m sort       