[48;2;24;24;37m [m[1;48;2;24;24;37m[1;38;2;167;139;250mtest-project[m[38;2;147;153;178m  ·  [m[38;2;147;153;178m5 worktrees[m[38;2;147;153;178m  ·  [m[38;2;147;153;178mon [m[38;2;205;214;244mroot[m                                [38;2;52;211;153m●[m [38;2;205;214;244mroot[m[m[48;2;24;24;37m [m
                                                                                
 [48;2;49;50;68m[38;2;147;153;178m1 [m[38;2;167;139;250m❯[m [1;38;2;56;189;248mroot[m                                                                      [m 
 [48;2;49;50;68m     [38;2;147;153;178m2h ago · dirty[m                                                           [m 
                                                                                
   [38;2;151;151;151m•[m[38;2;60;60;60m•[m[38;2;60;60;60m•[m[38;2;60;60;60m•[m[38;2;60;60;60m•[m                                                                        
 [38;2;147;153;178m──[m[38;2;147;153;178m root [m[38;2;147;153;178m──────────────────────────────────────────────────────────────────────[m 
                                                                                
                                                                                
                                                                                
                                                                                
                                                                                
                                                                                
                                                                                
                                                                                
                                                                                
                                                                                
                                                                                
                                                                                
                                                                                
                                                                                
                                                                                
                                                                                
                                                                                
                                                                                
  [1;38;2;167;139;250m↑↓[m [38;2;147;153;178mnavigate[m[38;2;147;153;178m ·   · [m[1;38;2;167;139;250menter[m [38;2;147;153;178mswitch[m[38;2;147;153;178m ·   · [m[1;38;2;167;139;250mn[m [38;2;147;153;178mnew[m[38;2;147;153;178m ·   · [m[1;38;2;167;139;250md[m [38;2;147;153;178mdelete[m[38;2;147;153;178m ·   · [m[1;38;2;167;139;250mf[m [38;2;147;153;178mfork[m        